Renesas Optimizing Linker (W3.07.00 )             25-Aug-2025 09:21:07

*** Options ***

-MAKEUD=DefaultBuild\Sample_Project_RH850_S1_CAN_FD_MultiCH_CAN0_CAN2.lk.ud
-subcommand=DefaultBuild\Sample_Project_RH850_S1_CAN_FD_MultiCH_CAN0_CAN2.clnk
-input=DefaultBuild\boot.obj
-input=DefaultBuild\cstart.obj
-input=DefaultBuild\Config_OSTM0.obj
-input=DefaultBuild\Config_OSTM0_user.obj
-input=DefaultBuild\Config_PORT.obj
-input=DefaultBuild\Config_PORT_user.obj
-input=DefaultBuild\Config_TAUJ0_0.obj
-input=DefaultBuild\Config_TAUJ0_0_user.obj
-input=DefaultBuild\r_cg_cgc.obj
-input=DefaultBuild\r_cg_cgc_user.obj
-input=DefaultBuild\r_cg_intvector.obj
-input=DefaultBuild\r_cg_main.obj
-input=DefaultBuild\r_cg_systeminit.obj
-input=DefaultBuild\r_smc_interrupt.obj
-input=DefaultBuild\r_smc_intprg.obj
-input=DefaultBuild\Pin.obj
-input=DefaultBuild\custom_func.obj
-input=DefaultBuild\misc_config.obj
-input=DefaultBuild\Config_UART0.obj
-input=DefaultBuild\Config_UART0_user.obj
-input=DefaultBuild\retarget.obj
-input=DefaultBuild\can.obj
-input=DefaultBuild\r_port.obj
-debug
-nocompress
-NOOPtimize
-output=DefaultBuild\Sample_Project_RH850_S1_CAN_FD_MultiCH_CAN0_CAN2.abs
-library=v850e3v5\rhf4n.lib
-library=v850e3v5\libmalloc.lib
-list=DefaultBuild\Sample_Project_RH850_S1_CAN_FD_MultiCH_CAN0_CAN2.map
-show=all
-start=RESET/0,EIINTTBL.const/00000200,.const,.INIT_DSEC.const,.INIT_BSEC.const,.text,.data,privateData.const,privateData.data/00008000,.data.R,.bss,.stack.bss,privateData.bss/FEDE8000
-rom=.data=.data.R
-total_size
-nologo
-end

*** Error information ***

*** Mapping List ***

SECTION                            START      END         SIZE   ALIGN
RESET
                                  00000000  000001f7       1f8   200
EIINTTBL.const
                                  00000200  00000797       598   4
.const
                                  00008000  0000910f      1110   4
.INIT_DSEC.const
                                  00009110  0000911b         c   4
.INIT_BSEC.const
                                  0000911c  00009123         8   4
.text
                                  00009124  0001bbe1     12abe   2
.data
                                  0001bbe4  0001bc80        9d   4
privateData.const
                                  0001bc84  0001bc84         1   4
privateData.data
                                  0001bc88  0001bc88         1   4
.data.R
                                  fede8000  fede809c        9d   4
.bss
                                  fede80a0  fedee105      6066   4
.stack.bss
                                  fedee108  fedee907       800   4
privateData.bss
                                  fedee908  fedee908         1   4

*** Total Section Size ***

RAMDATA SECTION:  00006904 Byte(s)
ROMDATA SECTION:  0000175b Byte(s)
PROGRAM SECTION:  00012cb6 Byte(s)

*** Symbol List ***

SECTION=
FILE=                               START        END    SIZE
  SYMBOL                            ADDR        SIZE    INFO      COUNTS  OPT
    STRUCT                                      SIZE
      MEMBER                        ADDR        SIZE    INFO

SECTION=RESET
FILE=DefaultBuild\boot.obj
                                  00000000  000001f7       1f8

SECTION=EIINTTBL.const
FILE=DefaultBuild\r_cg_intvector.obj
                                  00000200  00000797       598
  _INT_Vectors
                                  00000200       598   data ,g         0

SECTION=.const
FILE=DefaultBuild\custom_func.obj
                                  00008000  000080a9        aa
FILE=DefaultBuild\misc_config.obj
                                  000080ac  00008199        ee
FILE=DefaultBuild\retarget.obj
                                  0000819c  000081a2         7
FILE=DefaultBuild\can.obj
                                  000081a4  00008f8d       dea
  _can_bus_parameter_ch0
                                  000081a4        18   data ,g         b
    struct _can_bus_parameter_t {
                                                  18
      _can_bus_parameter_ch0.CAN_CH
                                  000081a4         4   enum
      _can_bus_parameter_ch0.CAN_MODE
                                  000081a8         4   enum
      _can_bus_parameter_ch0.CAN_RX_FIFO_BUFFER_NUM
                                  000081ac         4   enum
      _can_bus_parameter_ch0.NBRP
                                  000081b0         2   unsigned short
      _can_bus_parameter_ch0.NTSEG1
                                  000081b2         1   unsigned char
      _can_bus_parameter_ch0.NTSEG2
                                  000081b3         1   unsigned char
      _can_bus_parameter_ch0.NSJW
                                  000081b4         1   unsigned char
      _can_bus_parameter_ch0.DBRP
                                  000081b5         1   unsigned char
      _can_bus_parameter_ch0.DTSEG1
                                  000081b6         1   unsigned char
      _can_bus_parameter_ch0.DTSEG2
                                  000081b7         1   unsigned char
      _can_bus_parameter_ch0.DSJW
                                  000081b8         1   unsigned char
    }
  _can_bus_parameter_ch2
                                  000081bc        18   data ,g         b
    struct _can_bus_parameter_t {
                                                  18
      _can_bus_parameter_ch2.CAN_CH
                                  000081bc         4   enum
      _can_bus_parameter_ch2.CAN_MODE
                                  000081c0         4   enum
      _can_bus_parameter_ch2.CAN_RX_FIFO_BUFFER_NUM
                                  000081c4         4   enum
      _can_bus_parameter_ch2.NBRP
                                  000081c8         2   unsigned short
      _can_bus_parameter_ch2.NTSEG1
                                  000081ca         1   unsigned char
      _can_bus_parameter_ch2.NTSEG2
                                  000081cb         1   unsigned char
      _can_bus_parameter_ch2.NSJW
                                  000081cc         1   unsigned char
      _can_bus_parameter_ch2.DBRP
                                  000081cd         1   unsigned char
      _can_bus_parameter_ch2.DTSEG1
                                  000081ce         1   unsigned char
      _can_bus_parameter_ch2.DTSEG2
                                  000081cf         1   unsigned char
      _can_bus_parameter_ch2.DSJW
                                  000081d0         1   unsigned char
    }
  _tbl_can_bus_rx_rule_ch0
                                  0000839c       100   data ,g         1
    struct _can_rx_rule_table_t {
                                                  10
      _tbl_can_bus_rx_rule_ch0.GAFLID
                                  0000839c         4   unsigned long:1d(3)
      _tbl_can_bus_rx_rule_ch0.GAFLLB
                                  0000839f         1   unsigned char:1(2)
      _tbl_can_bus_rx_rule_ch0.GAFLRTR
                                  0000839f         1   unsigned char:1(1)
      _tbl_can_bus_rx_rule_ch0.GAFLIDE
                                  0000839f         1   unsigned char:1(0)
      _tbl_can_bus_rx_rule_ch0.GAFLIDM
                                  000083a0         4   unsigned long:1d(3)
      _tbl_can_bus_rx_rule_ch0.Reserved0
                                  000083a3         1   unsigned char:1(2)
      _tbl_can_bus_rx_rule_ch0.GAFLRTRM
                                  000083a3         1   unsigned char:1(1)
      _tbl_can_bus_rx_rule_ch0.GAFLIDEM
                                  000083a3         1   unsigned char:1(0)
      _tbl_can_bus_rx_rule_ch0.GAFLDLC
                                  000083a4         1   unsigned char:4(4)
      _tbl_can_bus_rx_rule_ch0.Reserved1
                                  000083a4         1   unsigned char:4(0)
      _tbl_can_bus_rx_rule_ch0.GAFLRMDP
                                  000083a5         1   unsigned char:7(1)
      _tbl_can_bus_rx_rule_ch0.GAFLRMV
                                  000083a5         1   unsigned char:1(0)
      _tbl_can_bus_rx_rule_ch0.GAFLPTR
                                  000083a6         2   unsigned short:10(0)
      _tbl_can_bus_rx_rule_ch0.GAFLFDP_x
                                  000083a8         2   unsigned short:10(0)
      _tbl_can_bus_rx_rule_ch0.GAFLFDP_k
                                  000083aa         2   unsigned short:10(0)
    }
  _tbl_can_bus_rx_rule_ch2
                                  0000849c       100   data ,g         1
    struct _can_rx_rule_table_t {
                                                  10
      _tbl_can_bus_rx_rule_ch2.GAFLID
                                  0000849c         4   unsigned long:1d(3)
      _tbl_can_bus_rx_rule_ch2.GAFLLB
                                  0000849f         1   unsigned char:1(2)
      _tbl_can_bus_rx_rule_ch2.GAFLRTR
                                  0000849f         1   unsigned char:1(1)
      _tbl_can_bus_rx_rule_ch2.GAFLIDE
                                  0000849f         1   unsigned char:1(0)
      _tbl_can_bus_rx_rule_ch2.GAFLIDM
                                  000084a0         4   unsigned long:1d(3)
      _tbl_can_bus_rx_rule_ch2.Reserved0
                                  000084a3         1   unsigned char:1(2)
      _tbl_can_bus_rx_rule_ch2.GAFLRTRM
                                  000084a3         1   unsigned char:1(1)
      _tbl_can_bus_rx_rule_ch2.GAFLIDEM
                                  000084a3         1   unsigned char:1(0)
      _tbl_can_bus_rx_rule_ch2.GAFLDLC
                                  000084a4         1   unsigned char:4(4)
      _tbl_can_bus_rx_rule_ch2.Reserved1
                                  000084a4         1   unsigned char:4(0)
      _tbl_can_bus_rx_rule_ch2.GAFLRMDP
                                  000084a5         1   unsigned char:7(1)
      _tbl_can_bus_rx_rule_ch2.GAFLRMV
                                  000084a5         1   unsigned char:1(0)
      _tbl_can_bus_rx_rule_ch2.GAFLPTR
                                  000084a6         2   unsigned short:10(0)
      _tbl_can_bus_rx_rule_ch2.GAFLFDP_x
                                  000084a8         2   unsigned short:10(0)
      _tbl_can_bus_rx_rule_ch2.GAFLFDP_k
                                  000084aa         2   unsigned short:10(0)
    }
FILE=DefaultBuild\r_port.obj
                                  00008f90  0000910f       180
  _PortList.1
                                  00008f90       180   data ,l        1f
    struct pregs_t {
                                                  40
      _PortList.1.P_Reg
                                  00008f90         4   [pointer]
      _PortList.1.PNOT_Reg
                                  00008f94         4   [pointer]
      _PortList.1.PM_Reg
                                  00008f98         4   [pointer]
      _PortList.1.PMC_Reg
                                  00008f9c         4   [pointer]
      _PortList.1.PFC_Reg
                                  00008fa0         4   [pointer]
      _PortList.1.PFCE_Reg
                                  00008fa4         4   [pointer]
      _PortList.1.PFCAE_Reg
                                  00008fa8         4   [pointer]
      _PortList.1.PIPC_Reg
                                  00008fac         4   [pointer]
      _PortList.1.PIBC_Reg
                                  00008fb0         4   [pointer]
      _PortList.1.PPR_Reg
                                  00008fb4         4   [pointer]
      _PortList.1.PD_Reg
                                  00008fb8         4   [pointer]
      _PortList.1.PU_Reg
                                  00008fbc         4   [pointer]
      _PortList.1.PODC_Reg
                                  00008fc0         4   [pointer]
      _PortList.1.PDSC_Reg
                                  00008fc4         4   [pointer]
      _PortList.1.PPROTS_Reg
                                  00008fc8         4   [pointer]
      _PortList.1.PPCMD_Reg
                                  00008fcc         4   [pointer]
    }

SECTION=.INIT_DSEC.const
FILE=DefaultBuild\cstart.obj
                                  00009110  0000911b         c

SECTION=.INIT_BSEC.const
FILE=DefaultBuild\cstart.obj
                                  0000911c  00009123         8

SECTION=.text
FILE=DefaultBuild\boot.obj
                                  00009124  000091bd        9a
  _Dummy
                                  00009124         0   none ,l         d
  _Dummy_EI
                                  00009126         0   none ,l        14
  __start
                                  00009128         0   none ,l         1
  _hdwinit
                                  00009182         0   none ,l         1
  _zeroclr4
                                  00009198         0   none ,l         2
  _set_table_reference_method
                                  000091a6         0   none ,l         1
FILE=DefaultBuild\cstart.obj
                                  000091be  0000922f        72
  __cstart
                                  000091be         0   none ,g         1
  _exit
                                  0000922e         0   none ,l         2
FILE=DefaultBuild\Config_OSTM0.obj
                                  00009230  000092b3        84
  _R_Config_OSTM0_Create
                                  00009230        48   func ,g         1
  _R_Config_OSTM0_Start
                                  00009278        12   func ,g         2
  _R_Config_OSTM0_Stop
                                  0000928a        22   func ,g         1
  _R_Config_OSTM0_Set_CompareValue
                                  000092ac         8   func ,g         0
FILE=DefaultBuild\Config_OSTM0_user.obj
                                  000092b4  00009355        a2
  _R_Config_OSTM0_Create_UserInit
                                  000092b4         2   func ,g         1
  _r_Config_OSTM0_interrupt
                                  000092b6        a0   func ,g         1
FILE=DefaultBuild\Config_PORT.obj
                                  00009356  000093a9        54
  _R_Config_PORT_Create
                                  00009356        54   func ,g         1
FILE=DefaultBuild\Config_PORT_user.obj
                                  000093aa  000093ab         2
  _R_Config_PORT_Create_UserInit
                                  000093aa         2   func ,g         1
FILE=DefaultBuild\Config_TAUJ0_0.obj
                                  000093ac  000094e7       13c
  _R_Config_TAUJ0_0_Create
                                  000093ac        fa   func ,g         1
  _R_Config_TAUJ0_0_Start
                                  000094a6        1a   func ,g         1
  _R_Config_TAUJ0_0_Stop
                                  000094c0        28   func ,g         0
FILE=DefaultBuild\Config_TAUJ0_0_user.obj
                                  000094e8  00009589        a2
  _R_Config_TAUJ0_0_Create_UserInit
                                  000094e8         2   func ,g         1
  _r_Config_TAUJ0_0_interrupt
                                  000094ea        a0   func ,g         1
FILE=DefaultBuild\r_cg_cgc.obj
                                  0000958a  00009a69       4e0
  _R_CGC_Create
                                  0000958a       4e0   func ,g         1
FILE=DefaultBuild\r_cg_cgc_user.obj
                                  00009a6a  00009a6b         2
  _R_CGC_Create_UserInit
                                  00009a6a         2   func ,g         1
FILE=DefaultBuild\r_cg_main.obj
                                  00009a6c  00009a91        26
  _main
                                  00009a6c        12   func ,g         1
  _r_main_userinit
                                  00009a7e        14   func ,g         1
FILE=DefaultBuild\r_cg_systeminit.obj
                                  00009a92  00009aad        1c
  _R_Systeminit
                                  00009a92        1c   func ,g         1
FILE=DefaultBuild\r_smc_interrupt.obj
                                  00009aae  00009acb        1e
  _R_Interrupt_Create
                                  00009aae         2   func ,g         0
  _eiint23_enable_interrupt
                                  00009ab0         e   func ,g         0
  _eiint23_disable_interrupt
                                  00009abe         e   func ,g         0
FILE=DefaultBuild\r_smc_intprg.obj
                                  00009acc  00017a99      dfce
  _snooze
                                  00009acc         6   func ,g         0
  _unused_isr
                                  00009ad2         8   func ,g       166
  _eiint0
                                  00009ada        a0   func ,g         1
  _eiint1
                                  00009b7a        a0   func ,g         1
  _eiint2
                                  00009c1a        a0   func ,g         1
  _eiint3
                                  00009cba        a0   func ,g         1
  _eiint4
                                  00009d5a        a0   func ,g         1
  _eiint5
                                  00009dfa        a0   func ,g         1
  _eiint6
                                  00009e9a        a0   func ,g         1
  _eiint7
                                  00009f3a        a0   func ,g         1
  _eiint8
                                  00009fda        a0   func ,g         1
  _eiint9
                                  0000a07a        a0   func ,g         1
  _eiint10
                                  0000a11a        a0   func ,g         1
  _eiint11
                                  0000a1ba        a0   func ,g         1
  _eiint12
                                  0000a25a        a0   func ,g         1
  _eiint13
                                  0000a2fa        a0   func ,g         1
  _eiint14
                                  0000a39a        a0   func ,g         1
  _eiint15
                                  0000a43a        a0   func ,g         1
  _eiint16
                                  0000a4da        a0   func ,g         1
  _eiint17
                                  0000a57a        a0   func ,g         1
  _eiint18
                                  0000a61a        a0   func ,g         1
  _eiint19
                                  0000a6ba        a0   func ,g         1
  _eiint20
                                  0000a75a        a0   func ,g         1
  _eiint21
                                  0000a7fa        a0   func ,g         1
  _eiint22
                                  0000a89a        a0   func ,g         1
  _eiint23
                                  0000a93a        a0   func ,g         1
  _eiint24
                                  0000a9da        a0   func ,g         1
  _eiint25
                                  0000aa7a        a0   func ,g         1
  _eiint26
                                  0000ab1a        a0   func ,g         1
  _eiint27
                                  0000abba        a0   func ,g         1
  _eiint28
                                  0000ac5a        a0   func ,g         1
  _eiint29
                                  0000acfa        a0   func ,g         1
  _eiint30
                                  0000ad9a        a0   func ,g         1
  _eiint31
                                  0000ae3a        a0   func ,g         1
  _eiint32
                                  0000aeda        a0   func ,g         1
  _eiint33
                                  0000af7a        a0   func ,g         1
  _eiint34
                                  0000b01a        a0   func ,g         0
  _eiint35
                                  0000b0ba        a0   func ,g         0
  _eiint36
                                  0000b15a        a0   func ,g         0
  _eiint37
                                  0000b1fa        a0   func ,g         1
  _eiint38
                                  0000b29a        a0   func ,g         1
  _eiint39
                                  0000b33a        a0   func ,g         1
  _eiint40
                                  0000b3da        a0   func ,g         1
  _eiint41
                                  0000b47a        a0   func ,g         1
  _eiint42
                                  0000b51a        a0   func ,g         1
  _eiint43
                                  0000b5ba        a0   func ,g         1
  _eiint44
                                  0000b65a        a0   func ,g         1
  _eiint45
                                  0000b6fa        a0   func ,g         1
  _eiint46
                                  0000b79a        a0   func ,g         1
  _eiint47
                                  0000b83a        a0   func ,g         1
  _eiint48
                                  0000b8da        a0   func ,g         1
  _eiint49
                                  0000b97a        a0   func ,g         1
  _eiint50
                                  0000ba1a        a0   func ,g         1
  _eiint51
                                  0000baba        a0   func ,g         1
  _eiint52
                                  0000bb5a        a0   func ,g         1
  _eiint53
                                  0000bbfa        a0   func ,g         1
  _eiint54
                                  0000bc9a        a0   func ,g         1
  _eiint55
                                  0000bd3a        a0   func ,g         1
  _eiint56
                                  0000bdda        a0   func ,g         1
  _eiint57
                                  0000be7a        a0   func ,g         1
  _eiint58
                                  0000bf1a        a0   func ,g         1
  _eiint59
                                  0000bfba        a0   func ,g         1
  _eiint60
                                  0000c05a        a0   func ,g         1
  _eiint61
                                  0000c0fa        a0   func ,g         1
  _eiint62
                                  0000c19a        a0   func ,g         1
  _eiint63
                                  0000c23a        a0   func ,g         1
  _eiint64
                                  0000c2da        a0   func ,g         1
  _eiint65
                                  0000c37a        a0   func ,g         1
  _eiint66
                                  0000c41a        a0   func ,g         1
  _eiint67
                                  0000c4ba        a0   func ,g         1
  _eiint68
                                  0000c55a        a0   func ,g         1
  _eiint69
                                  0000c5fa        a0   func ,g         1
  _eiint70
                                  0000c69a        a0   func ,g         1
  _eiint71
                                  0000c73a        a0   func ,g         1
  _eiint72
                                  0000c7da        a0   func ,g         1
  _eiint73
                                  0000c87a        a0   func ,g         1
  _eiint74
                                  0000c91a        a0   func ,g         1
  _eiint75
                                  0000c9ba        a0   func ,g         1
  _eiint76
                                  0000ca5a        a0   func ,g         1
  _eiint77
                                  0000cafa        a0   func ,g         1
  _eiint78
                                  0000cb9a        a0   func ,g         1
  _eiint79
                                  0000cc3a        a0   func ,g         1
  _eiint80
                                  0000ccda        a0   func ,g         0
  _eiint81
                                  0000cd7a        a0   func ,g         1
  _eiint82
                                  0000ce1a        a0   func ,g         1
  _eiint83
                                  0000ceba        a0   func ,g         1
  _eiint84
                                  0000cf5a        a0   func ,g         0
  _eiint85
                                  0000cffa        a0   func ,g         1
  _eiint86
                                  0000d09a        a0   func ,g         1
  _eiint87
                                  0000d13a        a0   func ,g         1
  _eiint88
                                  0000d1da        a0   func ,g         1
  _eiint89
                                  0000d27a        a0   func ,g         1
  _eiint90
                                  0000d31a        a0   func ,g         1
  _eiint91
                                  0000d3ba        a0   func ,g         1
  _eiint92
                                  0000d45a        a0   func ,g         1
  _eiint93
                                  0000d4fa        a0   func ,g         1
  _eiint94
                                  0000d59a        a0   func ,g         1
  _eiint95
                                  0000d63a        a0   func ,g         1
  _eiint96
                                  0000d6da        a0   func ,g         1
  _eiint97
                                  0000d77a        a0   func ,g         1
  _eiint98
                                  0000d81a        a0   func ,g         1
  _eiint99
                                  0000d8ba        a0   func ,g         1
  _eiint100
                                  0000d95a        a0   func ,g         1
  _eiint101
                                  0000d9fa        a0   func ,g         1
  _eiint102
                                  0000da9a        a0   func ,g         1
  _eiint103
                                  0000db3a        a0   func ,g         1
  _eiint104
                                  0000dbda        a0   func ,g         1
  _eiint105
                                  0000dc7a        a0   func ,g         1
  _eiint106
                                  0000dd1a        a0   func ,g         1
  _eiint107
                                  0000ddba        a0   func ,g         1
  _eiint108
                                  0000de5a        a0   func ,g         1
  _eiint109
                                  0000defa        a0   func ,g         1
  _eiint110
                                  0000df9a        a0   func ,g         1
  _eiint111
                                  0000e03a        a0   func ,g         1
  _eiint112
                                  0000e0da        a0   func ,g         1
  _eiint113
                                  0000e17a        a0   func ,g         1
  _eiint114
                                  0000e21a        a0   func ,g         1
  _eiint115
                                  0000e2ba        a0   func ,g         1
  _eiint116
                                  0000e35a        a0   func ,g         1
  _eiint117
                                  0000e3fa        a0   func ,g         1
  _eiint118
                                  0000e49a        a0   func ,g         1
  _eiint119
                                  0000e53a        a0   func ,g         1
  _eiint120
                                  0000e5da        a0   func ,g         1
  _eiint121
                                  0000e67a        a0   func ,g         1
  _eiint122
                                  0000e71a        a0   func ,g         1
  _eiint123
                                  0000e7ba        a0   func ,g         1
  _eiint124
                                  0000e85a        a0   func ,g         1
  _eiint125
                                  0000e8fa        a0   func ,g         1
  _eiint126
                                  0000e99a        a0   func ,g         1
  _eiint127
                                  0000ea3a        a0   func ,g         1
  _eiint128
                                  0000eada        a0   func ,g         1
  _eiint129
                                  0000eb7a        a0   func ,g         1
  _eiint130
                                  0000ec1a        a0   func ,g         1
  _eiint131
                                  0000ecba        a0   func ,g         1
  _eiint132
                                  0000ed5a        a0   func ,g         1
  _eiint133
                                  0000edfa        a0   func ,g         1
  _eiint134
                                  0000ee9a        a0   func ,g         1
  _eiint135
                                  0000ef3a        a0   func ,g         1
  _eiint136
                                  0000efda        a0   func ,g         1
  _eiint137
                                  0000f07a        a0   func ,g         1
  _eiint138
                                  0000f11a        a0   func ,g         1
  _eiint139
                                  0000f1ba        a0   func ,g         1
  _eiint140
                                  0000f25a        a0   func ,g         1
  _eiint141
                                  0000f2fa        a0   func ,g         1
  _eiint142
                                  0000f39a        a0   func ,g         1
  _eiint143
                                  0000f43a        a0   func ,g         1
  _eiint144
                                  0000f4da        a0   func ,g         1
  _eiint145
                                  0000f57a        a0   func ,g         1
  _eiint146
                                  0000f61a        a0   func ,g         1
  _eiint147
                                  0000f6ba        a0   func ,g         1
  _eiint148
                                  0000f75a        a0   func ,g         1
  _eiint149
                                  0000f7fa        a0   func ,g         1
  _eiint150
                                  0000f89a        a0   func ,g         1
  _eiint151
                                  0000f93a        a0   func ,g         1
  _eiint152
                                  0000f9da        a0   func ,g         1
  _eiint153
                                  0000fa7a        a0   func ,g         1
  _eiint154
                                  0000fb1a        a0   func ,g         1
  _eiint155
                                  0000fbba        a0   func ,g         1
  _eiint156
                                  0000fc5a        a0   func ,g         1
  _eiint157
                                  0000fcfa        a0   func ,g         1
  _eiint158
                                  0000fd9a        a0   func ,g         1
  _eiint159
                                  0000fe3a        a0   func ,g         1
  _eiint160
                                  0000feda        a0   func ,g         1
  _eiint161
                                  0000ff7a        a0   func ,g         1
  _eiint162
                                  0001001a        a0   func ,g         1
  _eiint163
                                  000100ba        a0   func ,g         1
  _eiint164
                                  0001015a        a0   func ,g         1
  _eiint165
                                  000101fa        a0   func ,g         1
  _eiint166
                                  0001029a        a0   func ,g         1
  _eiint167
                                  0001033a        a0   func ,g         1
  _eiint168
                                  000103da        a0   func ,g         1
  _eiint169
                                  0001047a        a0   func ,g         1
  _eiint170
                                  0001051a        a0   func ,g         1
  _eiint171
                                  000105ba        a0   func ,g         1
  _eiint172
                                  0001065a        a0   func ,g         1
  _eiint173
                                  000106fa        a0   func ,g         1
  _eiint174
                                  0001079a        a0   func ,g         1
  _eiint175
                                  0001083a        a0   func ,g         1
  _eiint176
                                  000108da        a0   func ,g         1
  _eiint177
                                  0001097a        a0   func ,g         1
  _eiint178
                                  00010a1a        a0   func ,g         1
  _eiint179
                                  00010aba        a0   func ,g         1
  _eiint180
                                  00010b5a        a0   func ,g         1
  _eiint181
                                  00010bfa        a0   func ,g         1
  _eiint182
                                  00010c9a        a0   func ,g         1
  _eiint183
                                  00010d3a        a0   func ,g         1
  _eiint184
                                  00010dda        a0   func ,g         1
  _eiint185
                                  00010e7a        a0   func ,g         1
  _eiint186
                                  00010f1a        a0   func ,g         1
  _eiint187
                                  00010fba        a0   func ,g         1
  _eiint188
                                  0001105a        a0   func ,g         1
  _eiint189
                                  000110fa        a0   func ,g         1
  _eiint190
                                  0001119a        a0   func ,g         1
  _eiint191
                                  0001123a        a0   func ,g         1
  _eiint192
                                  000112da        a0   func ,g         1
  _eiint193
                                  0001137a        a0   func ,g         1
  _eiint194
                                  0001141a        a0   func ,g         1
  _eiint195
                                  000114ba        a0   func ,g         1
  _eiint196
                                  0001155a        a0   func ,g         1
  _eiint197
                                  000115fa        a0   func ,g         1
  _eiint198
                                  0001169a        a0   func ,g         1
  _eiint199
                                  0001173a        a0   func ,g         1
  _eiint200
                                  000117da        a0   func ,g         1
  _eiint201
                                  0001187a        a0   func ,g         1
  _eiint202
                                  0001191a        a0   func ,g         1
  _eiint203
                                  000119ba        a0   func ,g         1
  _eiint204
                                  00011a5a        a0   func ,g         1
  _eiint205
                                  00011afa        a0   func ,g         1
  _eiint206
                                  00011b9a        a0   func ,g         1
  _eiint207
                                  00011c3a        a0   func ,g         1
  _eiint208
                                  00011cda        a0   func ,g         1
  _eiint209
                                  00011d7a        a0   func ,g         1
  _eiint210
                                  00011e1a        a0   func ,g         1
  _eiint211
                                  00011eba        a0   func ,g         1
  _eiint212
                                  00011f5a        a0   func ,g         1
  _eiint213
                                  00011ffa        a0   func ,g         1
  _eiint214
                                  0001209a        a0   func ,g         1
  _eiint215
                                  0001213a        a0   func ,g         1
  _eiint216
                                  000121da        a0   func ,g         1
  _eiint217
                                  0001227a        a0   func ,g         1
  _eiint218
                                  0001231a        a0   func ,g         1
  _eiint219
                                  000123ba        a0   func ,g         1
  _eiint220
                                  0001245a        a0   func ,g         1
  _eiint221
                                  000124fa        a0   func ,g         1
  _eiint222
                                  0001259a        a0   func ,g         1
  _eiint223
                                  0001263a        a0   func ,g         1
  _eiint224
                                  000126da        a0   func ,g         1
  _eiint225
                                  0001277a        a0   func ,g         1
  _eiint226
                                  0001281a        a0   func ,g         1
  _eiint227
                                  000128ba        a0   func ,g         1
  _eiint228
                                  0001295a        a0   func ,g         1
  _eiint229
                                  000129fa        a0   func ,g         1
  _eiint230
                                  00012a9a        a0   func ,g         1
  _eiint231
                                  00012b3a        a0   func ,g         1
  _eiint232
                                  00012bda        a0   func ,g         1
  _eiint233
                                  00012c7a        a0   func ,g         1
  _eiint234
                                  00012d1a        a0   func ,g         1
  _eiint235
                                  00012dba        a0   func ,g         1
  _eiint236
                                  00012e5a        a0   func ,g         1
  _eiint237
                                  00012efa        a0   func ,g         1
  _eiint238
                                  00012f9a        a0   func ,g         1
  _eiint239
                                  0001303a        a0   func ,g         1
  _eiint240
                                  000130da        a0   func ,g         1
  _eiint241
                                  0001317a        a0   func ,g         1
  _eiint242
                                  0001321a        a0   func ,g         1
  _eiint243
                                  000132ba        a0   func ,g         1
  _eiint244
                                  0001335a        a0   func ,g         1
  _eiint245
                                  000133fa        a0   func ,g         1
  _eiint246
                                  0001349a        a0   func ,g         1
  _eiint247
                                  0001353a        a0   func ,g         1
  _eiint248
                                  000135da        a0   func ,g         1
  _eiint249
                                  0001367a        a0   func ,g         1
  _eiint250
                                  0001371a        a0   func ,g         1
  _eiint251
                                  000137ba        a0   func ,g         1
  _eiint252
                                  0001385a        a0   func ,g         1
  _eiint253
                                  000138fa        a0   func ,g         1
  _eiint254
                                  0001399a        a0   func ,g         1
  _eiint255
                                  00013a3a        a0   func ,g         1
  _eiint256
                                  00013ada        a0   func ,g         1
  _eiint257
                                  00013b7a        a0   func ,g         1
  _eiint258
                                  00013c1a        a0   func ,g         1
  _eiint259
                                  00013cba        a0   func ,g         1
  _eiint260
                                  00013d5a        a0   func ,g         1
  _eiint261
                                  00013dfa        a0   func ,g         1
  _eiint262
                                  00013e9a        a0   func ,g         1
  _eiint263
                                  00013f3a        a0   func ,g         1
  _eiint264
                                  00013fda        a0   func ,g         1
  _eiint265
                                  0001407a        a0   func ,g         1
  _eiint266
                                  0001411a        a0   func ,g         1
  _eiint267
                                  000141ba        a0   func ,g         1
  _eiint268
                                  0001425a        a0   func ,g         1
  _eiint269
                                  000142fa        a0   func ,g         1
  _eiint270
                                  0001439a        a0   func ,g         1
  _eiint271
                                  0001443a        a0   func ,g         1
  _eiint272
                                  000144da        a0   func ,g         1
  _eiint273
                                  0001457a        a0   func ,g         1
  _eiint274
                                  0001461a        a0   func ,g         1
  _eiint275
                                  000146ba        a0   func ,g         1
  _eiint276
                                  0001475a        a0   func ,g         1
  _eiint277
                                  000147fa        a0   func ,g         1
  _eiint278
                                  0001489a        a0   func ,g         1
  _eiint279
                                  0001493a        a0   func ,g         1
  _eiint280
                                  000149da        a0   func ,g         1
  _eiint281
                                  00014a7a        a0   func ,g         1
  _eiint282
                                  00014b1a        a0   func ,g         1
  _eiint283
                                  00014bba        a0   func ,g         1
  _eiint284
                                  00014c5a        a0   func ,g         1
  _eiint285
                                  00014cfa        a0   func ,g         1
  _eiint286
                                  00014d9a        a0   func ,g         1
  _eiint287
                                  00014e3a        a0   func ,g         1
  _eiint288
                                  00014eda        a0   func ,g         1
  _eiint289
                                  00014f7a        a0   func ,g         1
  _eiint290
                                  0001501a        a0   func ,g         1
  _eiint291
                                  000150ba        a0   func ,g         1
  _eiint292
                                  0001515a        a0   func ,g         1
  _eiint293
                                  000151fa        a0   func ,g         1
  _eiint294
                                  0001529a        a0   func ,g         1
  _eiint295
                                  0001533a        a0   func ,g         1
  _eiint296
                                  000153da        a0   func ,g         1
  _eiint297
                                  0001547a        a0   func ,g         1
  _eiint298
                                  0001551a        a0   func ,g         1
  _eiint299
                                  000155ba        a0   func ,g         1
  _eiint300
                                  0001565a        a0   func ,g         1
  _eiint301
                                  000156fa        a0   func ,g         1
  _eiint302
                                  0001579a        a0   func ,g         1
  _eiint303
                                  0001583a        a0   func ,g         1
  _eiint304
                                  000158da        a0   func ,g         1
  _eiint305
                                  0001597a        a0   func ,g         1
  _eiint306
                                  00015a1a        a0   func ,g         1
  _eiint307
                                  00015aba        a0   func ,g         1
  _eiint308
                                  00015b5a        a0   func ,g         1
  _eiint309
                                  00015bfa        a0   func ,g         1
  _eiint310
                                  00015c9a        a0   func ,g         1
  _eiint311
                                  00015d3a        a0   func ,g         1
  _eiint312
                                  00015dda        a0   func ,g         1
  _eiint313
                                  00015e7a        a0   func ,g         1
  _eiint314
                                  00015f1a        a0   func ,g         1
  _eiint315
                                  00015fba        a0   func ,g         1
  _eiint316
                                  0001605a        a0   func ,g         1
  _eiint317
                                  000160fa        a0   func ,g         1
  _eiint318
                                  0001619a        a0   func ,g         1
  _eiint319
                                  0001623a        a0   func ,g         1
  _eiint320
                                  000162da        a0   func ,g         1
  _eiint321
                                  0001637a        a0   func ,g         1
  _eiint322
                                  0001641a        a0   func ,g         1
  _eiint323
                                  000164ba        a0   func ,g         1
  _eiint324
                                  0001655a        a0   func ,g         1
  _eiint325
                                  000165fa        a0   func ,g         1
  _eiint326
                                  0001669a        a0   func ,g         1
  _eiint327
                                  0001673a        a0   func ,g         1
  _eiint328
                                  000167da        a0   func ,g         1
  _eiint329
                                  0001687a        a0   func ,g         1
  _eiint330
                                  0001691a        a0   func ,g         1
  _eiint331
                                  000169ba        a0   func ,g         1
  _eiint332
                                  00016a5a        a0   func ,g         1
  _eiint333
                                  00016afa        a0   func ,g         1
  _eiint334
                                  00016b9a        a0   func ,g         1
  _eiint335
                                  00016c3a        a0   func ,g         1
  _eiint336
                                  00016cda        a0   func ,g         1
  _eiint337
                                  00016d7a        a0   func ,g         1
  _eiint338
                                  00016e1a        a0   func ,g         1
  _eiint339
                                  00016eba        a0   func ,g         1
  _eiint340
                                  00016f5a        a0   func ,g         1
  _eiint341
                                  00016ffa        a0   func ,g         1
  _eiint342
                                  0001709a        a0   func ,g         1
  _eiint343
                                  0001713a        a0   func ,g         1
  _eiint344
                                  000171da        a0   func ,g         1
  _eiint345
                                  0001727a        a0   func ,g         1
  _eiint346
                                  0001731a        a0   func ,g         1
  _eiint347
                                  000173ba        a0   func ,g         1
  _eiint348
                                  0001745a        a0   func ,g         1
  _eiint349
                                  000174fa        a0   func ,g         1
  _eiint350
                                  0001759a        a0   func ,g         1
  _eiint351
                                  0001763a        a0   func ,g         1
  _eiint352
                                  000176da        a0   func ,g         1
  _eiint353
                                  0001777a        a0   func ,g         1
  _eiint354
                                  0001781a        a0   func ,g         1
  _eiint355
                                  000178ba        a0   func ,g         1
  _eiint356
                                  0001795a        a0   func ,g         1
  _eiint357
                                  000179fa        a0   func ,g         1
FILE=DefaultBuild\Pin.obj
                                  00017a9a  00017d87       2ee
  _R_Pins_Create
                                  00017a9a       2ee   func ,g         0
FILE=DefaultBuild\custom_func.obj
                                  00017d88  000181d1       44a
  _ostmr_tick_counter
                                  00017d88        10   func ,g         1
  _ostmr_1ms_IRQ
                                  00017d98         c   func ,g         1
  _ostimer_dealyms
                                  00017da4        26   func ,g         0
  _get_tick
                                  00017dca         a   func ,g         8
  _set_tick
                                  00017dd4         a   func ,g         1
  _tick_counter
                                  00017dde        28   func ,g         1
  _delay_ms
                                  00017e06        34   func ,g         0
  _R_CANFD_Test
                                  00017e3a         4   func ,g         1
  _tmr_1ms_IRQ
                                  00017e3e        44   func ,g         1
  _LED_Toggle
                                  00017e82        4e   func ,g         1
  _loop
                                  00017ed0       136   func ,g         1
  _UARTx_ErrorCheckProcess
                                  00018006        48   func ,g         1
  _UARTx_Process
                                  0001804e       102   func ,g         1
  _RH850_software_reset
                                  00018150        2e   func ,g         1
  _RLIN3_UART_SendChar
                                  0001817e        12   func ,g         1
  _SendChar
                                  00018190         c   func ,g         1
  _hardware_init
                                  0001819c        36   func ,g         1
FILE=DefaultBuild\misc_config.obj
                                  000181d2  000184eb       31a
  _mask_to_length
                                  000181d2        14   func ,g         0
  _convertToBin
                                  000181e6        6e   func ,g         0
  _compare_buffer
                                  00018254        76   func ,g         0
  _reset_buffer
                                  000182ca        14   func ,g         0
  _copy_buffer
                                  000182de        1c   func ,g         0
  _dump_buffer16
                                  000182fa        58   func ,g         0
  _dump_buffer16_hex
                                  00018352        a4   func ,g         0
  _dump_buffer8
                                  000183f6        56   func ,g         0
  _dump_buffer8_hex
                                  0001844c        a0   func ,g         0
FILE=DefaultBuild\Config_UART0.obj
                                  000184ec  00018793       2a8
  _R_Config_UART0_Create
                                  000184ec       19e   func ,g         1
  _R_Config_UART0_Start
                                  0001868a        2a   func ,g         1
  _R_Config_UART0_Stop
                                  000186b4        42   func ,g         0
  _R_Config_UART0_Receive
                                  000186f6        36   func ,g         2
  _R_Config_UART0_Send
                                  0001872c        68   func ,g         0
FILE=DefaultBuild\Config_UART0_user.obj
                                  00018794  00018a5b       2c8
  _R_Config_UART0_Create_UserInit
                                  00018794         2   func ,g         1
  _r_Config_UART0_interrupt_receive
                                  00018796        ee   func ,g         1
  _r_Config_UART0_interrupt_error
                                  00018884        c4   func ,g         1
  _r_Config_UART0_interrupt_send
                                  00018948        d8   func ,g         1
  _r_Config_UART0_callback_sendend
                                  00018a20         2   func ,g         1
  _r_Config_UART0_callback_error
                                  00018a22        18   func ,g         1
  _r_Config_UART0_callback_receiveend
                                  00018a3a        22   func ,g         1
FILE=DefaultBuild\retarget.obj
                                  00018a5c  00019551       af6
  _putchar
                                  00018a5c        16   func ,g        1f
  _tiny_printf
                                  00018a72       324   func ,g        7e
  _print_char.1
                                  00018d96        4c   func ,l         1
  _print_string.1
                                  00018de2        82   func ,l         1
  _print_integer.1
                                  00018e64       158   func ,l         1
  _print_unsigned.1
                                  00018fbc       10e   func ,l         1
  _print_pointer.1
                                  000190ca        b2   func ,l         1
  _print_float.1
                                  0001917c       3d6   func ,l         1
FILE=DefaultBuild\can.obj
                                  00019552  0001b16f      1c1e
  _can_tx_buf_data_multi_send
                                  00019552        a8   func ,g         8
  _can_rx_fifo_buf_int_check
                                  000195fa        e2   func ,g         2
  _can_handle_init.1
                                  000196dc        bc   func ,l         2
  _can_fifo_buffer_set.1
                                  00019798        90   func ,l         2
  _can_fifo_buffer_enable.1
                                  00019828        1e   func ,l         2
  _can_init_rx_rule_table_page_setting.1
                                  00019846        76   func ,l         2
  _can_receive_rule_setting
                                  000198bc        68   func ,g         2
  _can2_rrt_set.1
                                  00019924        ea   func ,l         1
  _can_rrt_set.1
                                  00019a0e        ea   func ,l         1
  _can_start.1
                                  00019af8        54   func ,l         2
  _can_syncp.1
                                  00019b4c        10   func ,l         1
  _can_normal_mode_set.1
                                  00019b5c       194   func ,l         2
  _can_rx_interrupt_cbk
                                  00019cf0        4a   func ,g         1
  _can_init
                                  00019d3a       152   func ,g         1
  _R_CLKC_SetRscanClockDomain
                                  00019e8c        5e   func ,g         0
  _can_global_error_interrupt
                                  00019eea        3c   func ,g         0
  _can_rx_fifo_interrupt
                                  00019f26        a0   func ,g         0
  _R_CANFD_Interrupt_Control_Init
                                  00019fc6        26   func ,g         0
  _R_CANFD_Deinit
                                  00019fec         2   func ,g         0
  _R_CANFD_GPIO_ALT_Init
                                  00019fee        3e   func ,g         1
  _R_CANFD_Init
                                  0001a02c        10   func ,g         1
  _can_reg_dump_log
                                  0001a03c       124   func ,g         1
  _can_rx_buffer_set
                                  0001a160        1a   func ,g         1
  _can_tx2_normal_buffer_set.1
                                  0001a17a       124   func ,l         4
  _can_tx_normal_buffer4_set.1
                                  0001a29e        ea   func ,l         1
  _can_tx_normal_buffer3_set.1
                                  0001a388        ee   func ,l         1
  _can_tx_normal_buffer2_set.1
                                  0001a476       10a   func ,l         1
  _can_tx_normal_buffer1_set.1
                                  0001a580       110   func ,l         1
  _can_fd_receive_buffer_decode
                                  0001a690       2de   func ,g         2
  _can_fd_receive_fifo_buffer_decode
                                  0001a96e       206   func ,g         1
  _can_fd_receive_fifo_buffer_status
                                  0001ab74       162   func ,g         1
  _can_fd_loop_process
                                  0001acd6       49a   func ,g         1
FILE=DefaultBuild\r_port.obj
                                  0001b170  0001b815       6a6
  _R_PORT_SetGpioOutput
                                  0001b170        5a   func ,g         0
  _R_PORT_ToggleGpioOutput
                                  0001b1ca        20   func ,g         0
  _R_PORT_SetGpioInput
                                  0001b1ea        3e   func ,g         0
  _R_PORT_SetGpioHighZ
                                  0001b228        30   func ,g         0
  _R_PORT_SetAltFunc
                                  0001b258       1e0   func ,g         4
  _R_PORT_GetLevel
                                  0001b438        24   func ,g         0
  _R_PORT_GetPort
                                  0001b45c        14   func ,g         0
  _R_PORT_SetOpenDrain
                                  0001b470        60   func ,g         0
  _R_PORT_SetPushPull
                                  0001b4d0        64   func ,g         0
  _R_PORT_ConnectPullUp
                                  0001b534        20   func ,g         0
  _R_PORT_DisconnectPullUp
                                  0001b554        22   func ,g         0
  _R_PORT_ConnectPullDown
                                  0001b576        20   func ,g         0
  _R_PORT_DisconnectPullDown
                                  0001b596        22   func ,g         0
  _R_PORT_SetAnalogFilter
                                  0001b5b8        1c   func ,g         0
  _R_PORT_SetDigitalFilter
                                  0001b5d4        b6   func ,g         0
  _R_PORT_ResetDigitalFilter
                                  0001b68a        86   func ,g         0
  _R_PORT_EnableIpControl
                                  0001b710        20   func ,g         0
  _R_PORT_DisableIpControl
                                  0001b730        22   func ,g         0
  _R_PORT_EnableFastMode
                                  0001b752        60   func ,g         0
  _R_PORT_DisableFastMode
                                  0001b7b2        64   func ,g         0
FILE=initsct_rh
                                  0001b816  0001b8c5        b0
  __INITSCT_RH
                                  0001b816         0   none ,g         1
FILE=udiv64
                                  0001b8c6  0001b90d        48
  __COM_udiv64
                                  0001b8c6         0   none ,g         3
FILE=urem64
                                  0001b90e  0001b9b5        a8
  __COM_urem64
                                  0001b90e         0   none ,g         3
FILE=udiv64core
                                  0001b9b6  0001bbe1       22c
  __REL_zerodiv
                                  0001b9b6         0   none ,g         0
  __REL_div641664
                                  0001b9bc         0   none ,g         2
  __REL_div646416
                                  0001b9f2         0   none ,g         2
  __REL_div643248_4
                                  0001ba2c         0   none ,g         2
  __REL_div644832_4
                                  0001bb16         0   none ,g         2

SECTION=.data
FILE=DefaultBuild\custom_func.obj
                                  0001bbe4  0001bbf2         f
FILE=DefaultBuild\can.obj
                                  0001bbf4  0001bc80        8d

SECTION=privateData.const
FILE=DefaultBuild\custom_func.obj
                                  0001bc84  0001bc84         1
  _dummy_3
                                  0001bc84         1   data ,g         0

SECTION=privateData.data
FILE=DefaultBuild\custom_func.obj
                                  0001bc88  0001bc88         1
  _dummy_2
                                  0001bc88         1   data ,g         0

SECTION=.data.R
FILE=DefaultBuild\custom_func.obj
                                  fede8000  fede800e         f
  _counter_tick
                                  fede8000         2   data ,g         7
  _ostmr_tick
                                  fede8004         4   data ,g         7
  _g_u32_counter
                                  fede8008         4   data ,g         3
  _UART0Manager
                                  fede800c         2   data ,g         7
    struct _uart_manager_t {
                                                   2
      _UART0Manager.g_uart0rxbuf
                                  fede800c         1   unsigned char
      _UART0Manager.g_uart0rxerr
                                  fede800d         1   unsigned char
    }
  _flag_gpio.1.LED_Toggle
                                  fede800e         1   data ,l         5
FILE=DefaultBuild\can.obj
                                  fede8010  fede809c        8d
  _can_bus_variable_ch0
                                  fede8010        10   data ,g        20
    struct _can_bus_global_variable_t {
                                                  10
      _can_bus_variable_ch0.can_tx1_flag
                                  fede8010         1   unsigned char
      _can_bus_variable_ch0.can_tx2_flag
                                  fede8011         1   unsigned char
      _can_bus_variable_ch0.can_tx3_flag
                                  fede8012         1   unsigned char
      _can_bus_variable_ch0.can_tx4_flag
                                  fede8013         1   unsigned char
      _can_bus_variable_ch0.can_rx_flag
                                  fede8014         1   unsigned char
      _can_bus_variable_ch0.can_rx_polling_flag
                                  fede8015         1   unsigned char
      _can_bus_variable_ch0.can_rx_fifo_cnt
                                  fede8018         4   unsigned int
      _can_bus_variable_ch0.can_rx_isr_cnt
                                  fede801c         2   unsigned short
    }
  _can_bus_variable_ch2
                                  fede8020        10   data ,g        18
    struct _can_bus_global_variable_t {
                                                  10
      _can_bus_variable_ch2.can_tx1_flag
                                  fede8020         1   unsigned char
      _can_bus_variable_ch2.can_tx2_flag
                                  fede8021         1   unsigned char
      _can_bus_variable_ch2.can_tx3_flag
                                  fede8022         1   unsigned char
      _can_bus_variable_ch2.can_tx4_flag
                                  fede8023         1   unsigned char
      _can_bus_variable_ch2.can_rx_flag
                                  fede8024         1   unsigned char
      _can_bus_variable_ch2.can_rx_polling_flag
                                  fede8025         1   unsigned char
      _can_bus_variable_ch2.can_rx_fifo_cnt
                                  fede8028         4   unsigned int
      _can_bus_variable_ch2.can_rx_isr_cnt
                                  fede802c         2   unsigned short
    }
  _can_bus_receive_fifo_interrupt_flag
                                  fede8030         8   data ,g         0
    struct _can_bus_rx_fifo_flag_t {
                                                   8
      _can_bus_receive_fifo_interrupt_flag.RxBuffer0
                                  fede8030         1   unsigned char
      _can_bus_receive_fifo_interrupt_flag.RxBuffer1
                                  fede8031         1   unsigned char
      _can_bus_receive_fifo_interrupt_flag.RxBuffer2
                                  fede8032         1   unsigned char
      _can_bus_receive_fifo_interrupt_flag.RxBuffer3
                                  fede8033         1   unsigned char
      _can_bus_receive_fifo_interrupt_flag.RxBuffer4
                                  fede8034         1   unsigned char
      _can_bus_receive_fifo_interrupt_flag.RxBuffer5
                                  fede8035         1   unsigned char
      _can_bus_receive_fifo_interrupt_flag.RxBuffer6
                                  fede8036         1   unsigned char
      _can_bus_receive_fifo_interrupt_flag.RxBuffer7
                                  fede8037         1   unsigned char
    }
  _tbl_can_fifo_buffer_num
                                  fede8038        20   data ,g         1
  _tbl_can_dlc
                                  fede8058        40   data ,g         2
  _can_global_mode_start_once_flag.1.can_start.1
                                  fede8098         2   data ,l         4
  _counter.3.can_tx_normal_buffer2_set.1
                                  fede809a         1   data ,l         8
  _counter.4.can_tx_normal_buffer1_set.1
                                  fede809b         1   data ,l         8
  _count.5.can_fd_loop_process
                                  fede809c         1   data ,l        1e

SECTION=.bss
FILE=DefaultBuild\r_cg_cgc.obj
                                  fede80a0  fede80a3         4
  _g_cg_sync_read
                                  fede80a0         4   data ,g        11
FILE=DefaultBuild\custom_func.obj
                                  fede80a4  fede80a7         4
  _flag_PROJ_CTL
                                  fede80a4         4   data ,g        28
    struct flag_32bit {
                                                   4
      _flag_PROJ_CTL.bit0
                                  fede80a4         1   unsigned char:1(7)
      _flag_PROJ_CTL.bit1
                                  fede80a4         1   unsigned char:1(6)
      _flag_PROJ_CTL.bit2
                                  fede80a4         1   unsigned char:1(5)
      _flag_PROJ_CTL.bit3
                                  fede80a4         1   unsigned char:1(4)
      _flag_PROJ_CTL.bit4
                                  fede80a4         1   unsigned char:1(3)
      _flag_PROJ_CTL.bit5
                                  fede80a4         1   unsigned char:1(2)
      _flag_PROJ_CTL.bit6
                                  fede80a4         1   unsigned char:1(1)
      _flag_PROJ_CTL.bit7
                                  fede80a4         1   unsigned char:1(0)
      _flag_PROJ_CTL.bit8
                                  fede80a5         1   unsigned char:1(7)
      _flag_PROJ_CTL.bit9
                                  fede80a5         1   unsigned char:1(6)
      _flag_PROJ_CTL.bit10
                                  fede80a5         1   unsigned char:1(5)
      _flag_PROJ_CTL.bit11
                                  fede80a5         1   unsigned char:1(4)
      _flag_PROJ_CTL.bit12
                                  fede80a5         1   unsigned char:1(3)
      _flag_PROJ_CTL.bit13
                                  fede80a5         1   unsigned char:1(2)
      _flag_PROJ_CTL.bit14
                                  fede80a5         1   unsigned char:1(1)
      _flag_PROJ_CTL.bit15
                                  fede80a5         1   unsigned char:1(0)
      _flag_PROJ_CTL.bit16
                                  fede80a6         1   unsigned char:1(7)
      _flag_PROJ_CTL.bit17
                                  fede80a6         1   unsigned char:1(6)
      _flag_PROJ_CTL.bit18
                                  fede80a6         1   unsigned char:1(5)
      _flag_PROJ_CTL.bit19
                                  fede80a6         1   unsigned char:1(4)
      _flag_PROJ_CTL.bit20
                                  fede80a6         1   unsigned char:1(3)
      _flag_PROJ_CTL.bit21
                                  fede80a6         1   unsigned char:1(2)
      _flag_PROJ_CTL.bit22
                                  fede80a6         1   unsigned char:1(1)
      _flag_PROJ_CTL.bit23
                                  fede80a6         1   unsigned char:1(0)
      _flag_PROJ_CTL.bit24
                                  fede80a7         1   unsigned char:1(7)
      _flag_PROJ_CTL.bit25
                                  fede80a7         1   unsigned char:1(6)
      _flag_PROJ_CTL.bit26
                                  fede80a7         1   unsigned char:1(5)
      _flag_PROJ_CTL.bit27
                                  fede80a7         1   unsigned char:1(4)
      _flag_PROJ_CTL.bit28
                                  fede80a7         1   unsigned char:1(3)
      _flag_PROJ_CTL.bit29
                                  fede80a7         1   unsigned char:1(2)
      _flag_PROJ_CTL.bit30
                                  fede80a7         1   unsigned char:1(1)
      _flag_PROJ_CTL.bit31
                                  fede80a7         1   unsigned char:1(0)
    }
FILE=DefaultBuild\misc_config.obj
                                  fede80a8  fede80a8         1
  _flag_MISC_CTL
                                  fede80a8         1   data ,g         6
    struct flag_8bit {
                                                   1
      _flag_MISC_CTL.bit0
                                  fede80a8         1   unsigned char:1(7)
      _flag_MISC_CTL.bit1
                                  fede80a8         1   unsigned char:1(6)
      _flag_MISC_CTL.bit2
                                  fede80a8         1   unsigned char:1(5)
      _flag_MISC_CTL.bit3
                                  fede80a8         1   unsigned char:1(4)
      _flag_MISC_CTL.bit4
                                  fede80a8         1   unsigned char:1(3)
      _flag_MISC_CTL.bit5
                                  fede80a8         1   unsigned char:1(2)
      _flag_MISC_CTL.bit6
                                  fede80a8         1   unsigned char:1(1)
      _flag_MISC_CTL.bit7
                                  fede80a8         1   unsigned char:1(0)
    }
FILE=DefaultBuild\Config_UART0.obj
                                  fede80ac  fede80bb        10
  _gp_uart0_tx_address
                                  fede80ac         4   data ,g         a
  _g_uart0_tx_count
                                  fede80b0         2   data ,g         a
  _gp_uart0_rx_address
                                  fede80b4         4   data ,g         8
  _g_uart0_rx_count
                                  fede80b8         2   data ,g         8
  _g_uart0_rx_length
                                  fede80ba         2   data ,g         6
FILE=DefaultBuild\can.obj
                                  fede80bc  fedee105      604a
  _can_bus_handle_ch0
                                  fede80bc      3024   data ,g         6
    struct  {
                                                3024
      _can_bus_handle_ch0.rrt_handle
                                  fede80bc       200
    struct  {
                                                  10
      _can_bus_handle_ch0.rrt_handle.id
                                  fede80bc         4
    union   {
                                                   4
      _can_bus_handle_ch0.rrt_handle.id.all
                                  fede80bc         4   unsigned long
      _can_bus_handle_ch0.rrt_handle.id.bit
                                  fede80bc         4
    struct  {
                                                   4
      _can_bus_handle_ch0.rrt_handle.id.bit.ID
                                  fede80bc         4   unsigned long:1d(3)
      _can_bus_handle_ch0.rrt_handle.id.bit.LB
                                  fede80bf         1   unsigned char:1(2)
      _can_bus_handle_ch0.rrt_handle.id.bit.RTR
                                  fede80bf         1   unsigned char:1(1)
      _can_bus_handle_ch0.rrt_handle.id.bit.IDE
                                  fede80bf         1   unsigned char:1(0)
    }
    }
      _can_bus_handle_ch0.rrt_handle.mask
                                  fede80c0         4
    union   {
                                                   4
      _can_bus_handle_ch0.rrt_handle.mask.all
                                  fede80c0         4   unsigned long
      _can_bus_handle_ch0.rrt_handle.mask.bit
                                  fede80c0         4
    struct  {
                                                   4
      _can_bus_handle_ch0.rrt_handle.mask.bit.MID
                                  fede80c0         4   unsigned long:1d(3)
      _can_bus_handle_ch0.rrt_handle.mask.bit.rsvd
                                  fede80c3         1   unsigned char:1(2)
      _can_bus_handle_ch0.rrt_handle.mask.bit.MRTR
                                  fede80c3         1   unsigned char:1(1)
      _can_bus_handle_ch0.rrt_handle.mask.bit.MIDE
                                  fede80c3         1   unsigned char:1(0)
    }
    }
      _can_bus_handle_ch0.rrt_handle.ptr0
                                  fede80c4         4
    union   {
                                                   4
      _can_bus_handle_ch0.rrt_handle.ptr0.all
                                  fede80c4         4   unsigned long
      _can_bus_handle_ch0.rrt_handle.ptr0.bit
                                  fede80c4         4
    struct  {
                                                   4
      _can_bus_handle_ch0.rrt_handle.ptr0.bit.DLC
                                  fede80c4         1   unsigned char:4(4)
      _can_bus_handle_ch0.rrt_handle.ptr0.bit.rsvd
                                  fede80c4         1   unsigned char:4(0)
      _can_bus_handle_ch0.rrt_handle.ptr0.bit.RMDP
                                  fede80c5         1   unsigned char:7(1)
      _can_bus_handle_ch0.rrt_handle.ptr0.bit.RMV
                                  fede80c5         1   unsigned char:1(0)
      _can_bus_handle_ch0.rrt_handle.ptr0.bit.PTR
                                  fede80c6         4   unsigned int:10(0)
    }
    }
      _can_bus_handle_ch0.rrt_handle.ptr1
                                  fede80c8         4
    union   {
                                                   4
      _can_bus_handle_ch0.rrt_handle.ptr1.all
                                  fede80c8         4   unsigned long
      _can_bus_handle_ch0.rrt_handle.ptr1.bit
                                  fede80c8         4
    struct  {
                                                   4
      _can_bus_handle_ch0.rrt_handle.ptr1.bit.FDPx
                                  fede80c8         4   unsigned int:8(0)
      _can_bus_handle_ch0.rrt_handle.ptr1.bit.FDPk
                                  fede80c9         4   unsigned int:18(0)
    }
    }
    }
      _can_bus_handle_ch0.rx_data
                                  fede82bc      2400
    struct  {
                                                  48
      _can_bus_handle_ch0.rx_data.data_u
                                  fede82bc        40
    union   {
                                                   4
      _can_bus_handle_ch0.rx_data.data_u.data_byte
                                  fede82bc         4   unsigned char
      _can_bus_handle_ch0.rx_data.data_u.data_dw
                                  fede82bc         4   unsigned int
    }
      _can_bus_handle_ch0.rx_data.dlc
                                  fede82fc         4   unsigned int
      _can_bus_handle_ch0.rx_data.id
                                  fede8300         4
    union   {
                                                   4
      _can_bus_handle_ch0.rx_data.id.all
                                  fede8300         4   unsigned long
      _can_bus_handle_ch0.rx_data.id.bit
                                  fede8300         4
    struct  {
                                                   4
      _can_bus_handle_ch0.rx_data.id.bit.ID
                                  fede8300         4   unsigned long:1d(3)
      _can_bus_handle_ch0.rx_data.id.bit.LB
                                  fede8303         1   unsigned char:1(2)
      _can_bus_handle_ch0.rx_data.id.bit.RTR
                                  fede8303         1   unsigned char:1(1)
      _can_bus_handle_ch0.rx_data.id.bit.IDE
                                  fede8303         1   unsigned char:1(0)
    }
    }
    }
      _can_bus_handle_ch0.rx_data_cnt
                                  fedea6bc        20   unsigned int
      _can_bus_handle_ch0.rx_data_ack
                                  fedea6dc         1
    union   {
                                                   1
      _can_bus_handle_ch0.rx_data_ack.BIT
                                  fedea6dc         1
    struct  {
                                                   1
      _can_bus_handle_ch0.rx_data_ack.BIT.b0
                                  fedea6dc         1   unsigned char:1(7)
      _can_bus_handle_ch0.rx_data_ack.BIT.b1
                                  fedea6dc         1   unsigned char:1(6)
      _can_bus_handle_ch0.rx_data_ack.BIT.b2
                                  fedea6dc         1   unsigned char:1(5)
      _can_bus_handle_ch0.rx_data_ack.BIT.b3
                                  fedea6dc         1   unsigned char:1(4)
      _can_bus_handle_ch0.rx_data_ack.BIT.b4
                                  fedea6dc         1   unsigned char:1(3)
      _can_bus_handle_ch0.rx_data_ack.BIT.b5
                                  fedea6dc         1   unsigned char:1(2)
      _can_bus_handle_ch0.rx_data_ack.BIT.b6
                                  fedea6dc         1   unsigned char:1(1)
      _can_bus_handle_ch0.rx_data_ack.BIT.b7
                                  fedea6dc         1   unsigned char:1(0)
    }
      _can_bus_handle_ch0.rx_data_ack.bytes
                                  fedea6dc         1   unsigned char
    }
      _can_bus_handle_ch0.tx_handle
                                  fedea6e0       a00
    struct  {
                                                  50
      _can_bus_handle_ch0.tx_handle.id
                                  fedea6e0         4
    union   {
                                                   4
      _can_bus_handle_ch0.tx_handle.id.all
                                  fedea6e0         4   unsigned long
      _can_bus_handle_ch0.tx_handle.id.bit
                                  fedea6e0         4
    struct  {
                                                   4
      _can_bus_handle_ch0.tx_handle.id.bit.tmid
                                  fedea6e0         4   unsigned long:1d(3)
      _can_bus_handle_ch0.tx_handle.id.bit.hlen
                                  fedea6e3         1   unsigned char:1(2)
      _can_bus_handle_ch0.tx_handle.id.bit.rtr
                                  fedea6e3         1   unsigned char:1(1)
      _can_bus_handle_ch0.tx_handle.id.bit.ide
                                  fedea6e3         1   unsigned char:1(0)
    }
    }
      _can_bus_handle_ch0.tx_handle.ptr
                                  fedea6e4         4
    union   {
                                                   4
      _can_bus_handle_ch0.tx_handle.ptr.all
                                  fedea6e4         4   unsigned long
      _can_bus_handle_ch0.tx_handle.ptr.bit
                                  fedea6e4         4
    struct  {
                                                   4
      _can_bus_handle_ch0.tx_handle.ptr.bit.rsvd
                                  fedea6e4         4   unsigned int:1c(4)
      _can_bus_handle_ch0.tx_handle.ptr.bit.dlc
                                  fedea6e7         4   unsigned int:4(0)
    }
    }
      _can_bus_handle_ch0.tx_handle.df
                                  fedea6e8        40
    union   {
                                                   4
      _can_bus_handle_ch0.tx_handle.df.all
                                  fedea6e8         4   unsigned long
      _can_bus_handle_ch0.tx_handle.df.byte
                                  fedea6e8         4
    struct  {
                                                   4
      _can_bus_handle_ch0.tx_handle.df.byte.TMDB
                                  fedea6e8         4   unsigned char
    }
    }
      _can_bus_handle_ch0.tx_handle.tmc
                                  fedea728         1
    union   {
                                                   1
      _can_bus_handle_ch0.tx_handle.tmc.all
                                  fedea728         1   unsigned char
      _can_bus_handle_ch0.tx_handle.tmc.bit
                                  fedea728         1
    struct  {
                                                   1
      _can_bus_handle_ch0.tx_handle.tmc.bit.tmtr
                                  fedea728         1   unsigned char:1(7)
      _can_bus_handle_ch0.tx_handle.tmc.bit.tmtar
                                  fedea728         1   unsigned char:1(6)
      _can_bus_handle_ch0.tx_handle.tmc.bit.tmom
                                  fedea728         1   unsigned char:1(5)
      _can_bus_handle_ch0.tx_handle.tmc.bit.rsvd
                                  fedea728         1   unsigned char:5(0)
    }
    }
      _can_bus_handle_ch0.tx_handle.tmfdctr
                                  fedea72c         4
    union   {
                                                   4
      _can_bus_handle_ch0.tx_handle.tmfdctr.all
                                  fedea72c         4   unsigned long
      _can_bus_handle_ch0.tx_handle.tmfdctr.bit
                                  fedea72c         4
    struct  {
                                                   4
[...]
                                          0022(0001a88d:.text)
                                          0022(0001a8a3:.text)
                                          0022(0001a8bf:.text)
                                          0022(0001a8d5:.text)
                                          0022(0001a8f1:.text)
                                          0022(0001a905:.text)
                                          0022(0001a921:.text)
                                          0022(0001a92b:.text)
                                          0022(0001a94b:.text)
                                          0022(0001a95f:.text)
                                          0022(0001a97d:.text)
                                          0022(0001a99d:.text)
                                          0022(0001a9af:.text)
                                          0022(0001a9cb:.text)
                                          0022(0001a9e1:.text)
                                          0022(0001a9fd:.text)
                                          0022(0001aa13:.text)
                                          0022(0001aa25:.text)
                                          0022(0001aa37:.text)
                                          0022(0001aa4f:.text)
                                          0022(0001aa5d:.text)
                                          0022(0001aa6d:.text)
                                          0022(0001aa7f:.text)
                                          0022(0001aa8f:.text)
                                          0022(0001aa9f:.text)
                                          0022(0001aab5:.text)
                                          0022(0001aad1:.text)
                                          0022(0001aae7:.text)
                                          0022(0001ab03:.text)
                                          0022(0001ab17:.text)
                                          0022(0001ab33:.text)
                                          0022(0001ab3d:.text)
                                          0022(0001ab63:.text)
                                          0022(0001abb5:.text)
                                          0022(0001abcf:.text)
                                          0022(0001abe1:.text)
                                          0022(0001abf7:.text)
                                          0022(0001ac13:.text)
                                          0022(0001ac33:.text)
                                          0022(0001ac4f:.text)
                                          0022(0001ac6f:.text)
                                          0022(0001ac8b:.text)
                                          0022(0001ac9f:.text)
                                          0022(0001acbb:.text)
                                          0022(0001accf:.text)
                                          0022(0001adaf:.text)
                                          0022(0001ae4b:.text)
                                          0022(0001aee5:.text)
                                          0022(0001af7d:.text)
                                          0022(0001b015:.text)
                                          0022(0001b0ab:.text)
                                          0022(0001b101:.text)
                                          0022(0001b155:.text)
     SECTION=.const
0022 can
     SECTION=.const
                 _can_bus_parameter_ch0
                                 000081a4 0022(00019ac0:.text)
                                          0022(00019ac4:.text)
                                          0022(00019d06:.text)
                                          0022(00019d0a:.text)
                                          0022(00019d58:.text)
                                          0022(0001acf8:.text)
                                          0022(0001acfc:.text)
                                          0022(0001afd2:.text)
                                          0022(0001b068:.text)
                                          0022(0001b0c4:.text)
                                          0022(0001b11a:.text)
                 _can_bus_parameter_ch2
                                 000081bc 0022(000199d6:.text)
                                          0022(000199da:.text)
                                          0022(00019d1e:.text)
                                          0022(00019d22:.text)
                                          0022(00019dac:.text)
                                          0022(0001ad0a:.text)
                                          0022(0001ad0e:.text)
                                          0022(0001ad68:.text)
                                          0022(0001ae04:.text)
                                          0022(0001ae9e:.text)
                                          0022(0001af38:.text)
                 _tbl_can_bus_rx_rule_ch0
                                 0000839c 0022(00019e06:.text)
                 _tbl_can_bus_rx_rule_ch2
                                 0000849c 0022(00019e16:.text)
     SECTION=.text
                 _can_tx_buf_data_multi_send
                                 00019552 0022(0001ada5:.text)
                                          0022(0001ae41:.text)
                                          0022(0001aedb:.text)
                                          0022(0001af73:.text)
                                          0022(0001b00b:.text)
                                          0022(0001b0a1:.text)
                                          0022(0001b0f7:.text)
                                          0022(0001b14b:.text)
                 _can_rx_fifo_buf_int_check
                                 000195fa 0022(00019d19:.text)
                                          0022(00019d2d:.text)
                 _can_receive_rule_setting
                                 000198bc 0022(000199e1:.text)
                                          0022(00019acb:.text)
                 _can_rx_interrupt_cbk
                                 00019cf0 0022(00019f73:.text)
                 _can_init
                                 00019d3a 0022(0001a035:.text)
                 _R_CLKC_SetRscanClockDomain
                                 00019e8c
                 _can_global_error_interrupt
                                 00019eea
                 _can_rx_fifo_interrupt
                                 00019f26
                 _R_CANFD_Interrupt_Control_Init
                                 00019fc6
                 _R_CANFD_Deinit
                                 00019fec
                 _R_CANFD_GPIO_ALT_Init
                                 00019fee 0022(0001a031:.text)
                 _R_CANFD_Init
                                 0001a02c 0017(000181bd:.text)
                 _can_reg_dump_log
                                 0001a03c 0022(00019e85:.text)
                 _can_rx_buffer_set
                                 0001a160 0022(00019dfd:.text)
                 _can_fd_receive_buffer_decode
                                 0001a690 0022(0001ad05:.text)
                                          0022(0001ad13:.text)
                 _can_fd_receive_fifo_buffer_decode
                                 0001a96e 0022(00019625:.text)
                 _can_fd_receive_fifo_buffer_status
                                 0001ab74 0022(0001962d:.text)
                 _can_fd_loop_process
                                 0001acd6 0017(00017fff:.text)
     SECTION=.data.R
                 _can_bus_variable_ch0
                                 fede8010 0017(00017f1a:.text)
                                          0017(00017f20:.text)
                                          0017(00017f38:.text)
                                          0017(00017f3e:.text)
                                          0017(00017f56:.text)
                                          0017(00017f5c:.text)
                                          0017(00017f74:.text)
                                          0017(00017f7a:.text)
                                          0022(000196c6:.text)
                                          0022(000196ca:.text)
                                          0022(000196d0:.text)
                                          0022(00019cf6:.text)
                                          0022(0001af82:.text)
                                          0022(0001af85:.text)
                                          0022(0001af8e:.text)
                                          0022(0001af92:.text)
                                          0022(0001b01a:.text)
                                          0022(0001b01d:.text)
                                          0022(0001b026:.text)
                                          0022(0001b02a:.text)
                                          0022(0001b0b0:.text)
                                          0022(0001b0b3:.text)
                                          0022(0001b0bc:.text)
                                          0022(0001b0c0:.text)
                                          0022(0001b106:.text)
                                          0022(0001b109:.text)
                                          0022(0001b112:.text)
                                          0022(0001b116:.text)
                                          0022(0001b15a:.text)
                                          0022(0001b15d:.text)
                                          0022(0001b166:.text)
                                          0022(0001b16a:.text)
                 _can_bus_variable_ch2
                                 fede8020 0017(00017f92:.text)
                                          0017(00017f98:.text)
                                          0017(00017fb0:.text)
                                          0017(00017fb6:.text)
                                          0017(00017fce:.text)
                                          0017(00017fd4:.text)
                                          0017(00017fec:.text)
                                          0017(00017ff2:.text)
                                          0022(0001ad18:.text)
                                          0022(0001ad1b:.text)
                                          0022(0001ad24:.text)
                                          0022(0001ad28:.text)
                                          0022(0001adb4:.text)
                                          0022(0001adb7:.text)
                                          0022(0001adc0:.text)
                                          0022(0001adc4:.text)
                                          0022(0001ae50:.text)
                                          0022(0001ae53:.text)
                                          0022(0001ae5c:.text)
                                          0022(0001ae60:.text)
                                          0022(0001aeea:.text)
                                          0022(0001aeed:.text)
                                          0022(0001aef6:.text)
                                          0022(0001aefa:.text)
                 _can_bus_receive_fifo_interrupt_flag
                                 fede8030
                 _tbl_can_fifo_buffer_num
                                 fede8038 0022(0001a6ea:.text)
                 _tbl_can_dlc
                                 fede8058 0022(0001a82c:.text)
                                          0022(0001aa3e:.text)
     SECTION=.bss
                 _can_bus_handle_ch0
                                 fede80bc 0022(00019d12:.text)
                                          0022(00019d40:.text)
                                          0022(0001afe4:.text)
                                          0022(0001b07a:.text)
                                          0022(0001b0d0:.text)
                                          0022(0001b124:.text)
                 _can_bus_handle_ch2
                                 fedeb0e0 0022(00019d26:.text)
                                          0022(00019d4c:.text)
                                          0022(0001ad82:.text)
                                          0022(0001ae1e:.text)
                                          0022(0001aeb8:.text)
                                          0022(0001af50:.text)
     SECTION=.data
0023 r_port
     SECTION=.text
                 _R_PORT_SetGpioOutput
                                 0001b170
                 _R_PORT_ToggleGpioOutput
                                 0001b1ca
                 _R_PORT_SetGpioInput
                                 0001b1ea
                 _R_PORT_SetGpioHighZ
                                 0001b228
                 _R_PORT_SetAltFunc
                                 0001b258 0022(0001a001:.text)
                                          0022(0001a00d:.text)
                                          0022(0001a019:.text)
                                          0022(0001a025:.text)
                 _R_PORT_GetLevel
                                 0001b438
                 _R_PORT_GetPort
                                 0001b45c
                 _R_PORT_SetOpenDrain
                                 0001b470
                 _R_PORT_SetPushPull
                                 0001b4d0
                 _R_PORT_ConnectPullUp
                                 0001b534
                 _R_PORT_DisconnectPullUp
                                 0001b554
                 _R_PORT_ConnectPullDown
                                 0001b576
                 _R_PORT_DisconnectPullDown
                                 0001b596
                 _R_PORT_SetAnalogFilter
                                 0001b5b8
                 _R_PORT_SetDigitalFilter
                                 0001b5d4
                 _R_PORT_ResetDigitalFilter
                                 0001b68a
                 _R_PORT_EnableIpControl
                                 0001b710
                 _R_PORT_DisableIpControl
                                 0001b730
                 _R_PORT_EnableFastMode
                                 0001b752
                 _R_PORT_DisableFastMode
                                 0001b7b2
     SECTION=.const
0024 initsct_rh
     SECTION=.text
                 __INITSCT_RH
                                 0001b816 0002(000091ea:.text)
0025 udiv64
     SECTION=.text
                 __COM_udiv64
                                 0001b8c6 0021(00018ee1:.text)
                                          0021(0001902b:.text)
                                          0021(000193d1:.text)
0026 urem64
     SECTION=.text
                 __COM_urem64
                                 0001b90e 0021(00018ead:.text)
                                          0021(00018ff7:.text)
                                          0021(000193b7:.text)
0027 udiv64core
     SECTION=.text
                 __REL_zerodiv
                                 0001b9b6
                 __REL_div641664
                                 0001b9bc 0025(0001b8e5:.text)
                                          0026(0001b93d:.text)
                 __REL_div646416
                                 0001b9f2 0025(0001b905:.text)
                                          0026(0001b98d:.text)
                 __REL_div643248_4
                                 0001ba2c 0025(0001b8e9:.text)
                                          0026(0001b959:.text)
                 __REL_div644832_4
                                 0001bb16 0025(0001b901:.text)
                                          0026(0001b987:.text)
0028 rlink_generates_01
     SECTION=
                 __gp_data
                                 00000000 0002(000091c6:.text)
                 __ep_data
                                 00000000 0002(000091cc:.text)
0029 rlink_generates_02
     SECTION=
                 __sRESET
                                 00000000
                 __SRESET
                                 00000000
                 __eRESET
                                 000001f8
                 __ERESET
                                 000001f8
                 __sEIINTTBL.const
                                 00000200 0001(00009174:.text)
                 __SEIINTTBL_const
                                 00000200
                 __eEIINTTBL.const
                                 00000798
                 __EEIINTTBL_const
                                 00000798
                 __s.const
                                 00008000
                 __S_const
                                 00008000
                 __e.const
                                 00009110
                 __E_const
                                 00009110
                 __s.INIT_DSEC.const
                                 00009110 0002(000091d2:.text)
                 __S_INIT_DSEC_const
                                 00009110
                 __e.INIT_DSEC.const
                                 0000911c 0002(000091d8:.text)
                 __E_INIT_DSEC_const
                                 0000911c
                 __s.INIT_BSEC.const
                                 0000911c 0002(000091de:.text)
                 __S_INIT_BSEC_const
                                 0000911c
                 __s.text
                                 00009124
                 __S_text
                                 00009124
                 __e.INIT_BSEC.const
                                 00009124 0002(000091e4:.text)
                 __E_INIT_BSEC_const
                                 00009124
                 __e.text
                                 0001bbe2
                 __E_text
                                 0001bbe2
                 __s.data
                                 0001bbe4 0002(00009110:.INIT_DSEC.const)
                 __S_data
                                 0001bbe4
                 __e.data
                                 0001bc81 0002(00009114:.INIT_DSEC.const)
                 __E_data
                                 0001bc81
                 __sprivateData.const
                                 0001bc84
                 __SprivateData_const
                                 0001bc84
                 __eprivateData.const
                                 0001bc85
                 __EprivateData_const
                                 0001bc85
                 __sprivateData.data
                                 0001bc88
                 __SprivateData_data
                                 0001bc88
                 __eprivateData.data
                                 0001bc89
                 __EprivateData_data
                                 0001bc89
                 __s.data.R
                                 fede8000 0002(00009118:.INIT_DSEC.const)
                 __S_data_R
                                 fede8000
                 __e.data.R
                                 fede809d
                 __E_data_R
                                 fede809d
                 __s.bss
                                 fede80a0 0002(0000911c:.INIT_BSEC.const)
                 __S_bss
                                 fede80a0
                 __e.bss
                                 fedee106 0002(00009120:.INIT_BSEC.const)
                 __E_bss
                                 fedee106
                 __s.stack.bss
                                 fedee108
                 __S_stack_bss
                                 fedee108
                 __e.stack.bss
                                 fedee908
                 __E_stack_bss
                                 fedee908
                 __sprivateData.bss
                                 fedee908
                 __SprivateData_bss
                                 fedee908
                 __eprivateData.bss
                                 fedee909
                 __EprivateData_bss
                                 fedee909
